
-----------------------------------------------------------
> Header (src/lib.rs:19)
-----------------------------------------------------------
A message with a header

-----------------------------------------------------------
> Header (src/lib.rs:20)
-----------------------------------------------------------
Formatted message: 42

-----------------------------------------------------------
> [at src/lib.rs:22]
-----------------------------------------------------------
No header

-----------------------------------------------------------
> [at src/lib.rs:26]
-----------------------------------------------------------
My message

-----------------------------------------------------------
> DEBUG (src/lib.rs:28)
-----------------------------------------------------------
My message
