
line 0

line 8

line 2

line 11

line 12

line 4

line 15

line 16

line 17

line 7

line 19

line 10

line 3

line 20

line 23

line 25

line 27

line 26

line 21

line 22

line 9

line 13

line 36

line 18

line 38

line 39

line 28

line 6

line 42

line 29

line 1

line 31

line 47

line 33

line 48

line 35

line 5

line 52

line 55

line 56

line 57

line 40

line 44

line 43

line 45

line 30

line 46

line 32

line 49

line 50

line 51

line 34

line 53

line 54

line 37

line 24

line 14

line 41

line 58

line 59

line 60

line 61

line 62

line 63
